============================================================
TARGET-1 FINAL IMPLEMENTATION TEST SUITE
============================================================

[TEST 1] Existing Decision Read
--------------------------------------------------
Total records: 321
Broken: 0
Old format (DC_YYYYMMDD_NNN): 272
Examples: ['DC_20260705_001', 'DC_20260705_002', 'DC_20260705_003']
✓ Existing records readable

[TEST 2] Existing ID Format Validation
--------------------------------------------------
Sample check passed

[TEST 3] Single ID Generation
--------------------------------------------------
Generated: DC_20260921_3250
✗ Exception: Wrong suffix length: 3250

[TEST 4] Sequential Generation
--------------------------------------------------
  [0] DC_20260921_3272 (num: 3272)
  [1] DC_20260921_3273 (num: 3273)
  [2] DC_20260921_3274 (num: 3274)
  [3] DC_20260921_3275 (num: 3275)
  [4] DC_20260921_3276 (num: 3276)
✓ Monotonic increment: 3272 → 3276

[TEST 5] Parallel Generation (10 threads x 50 IDs)
--------------------------------------------------
Generated: 500 IDs
Unique: 500
Duplicates: 0
✓ Zero collisions in 500 parallel generations

[TEST 6] Parallel Generation (20 threads x 100 IDs)
--------------------------------------------------

[TEST 7] Format Compliance
--------------------------------------------------
✗ Suffix: DC_20260921_6117

[TEST 8] Existing Ledger Preservation
--------------------------------------------------
Generated new ID: DC_20260921_6201
✓ Ledger unchanged: 321 → 321

[TEST 9] Counter Persistence
--------------------------------------------------
Sequence: [6202, 6204, 6216, 6221, 6223]
✓ Counter persists and increments

[TEST 10] Exception Handling & Rollback
--------------------------------------------------
Generated: DC_20260921_6224, DC_20260921_6227
✓ No unexpected exceptions

[TEST 11] Strict Schema Compliance
--------------------------------------------------
✗ NNN mismatch: 6228

[TEST 12] Final Stress Test
--------------------------------------------------
Total IDs: 500
Unique: 500
Duplicates: 0
Time: 139.858s
Rate: 4 IDs/sec
✓ Stress test passed: zero collisions

============================================================
SUMMARY
============================================================
✓ 1. Existing Decision Read: PASS
✓ 2. Existing ID Format: PASS
✗ 3. Single ID Generation: FAIL
✓ 4. Sequential Generation: PASS
✓ 5. Parallel 10x50: PASS
✗ 6. Parallel 20x100: FAIL
✗ 7. Format Compliance: FAIL
✓ 8. Ledger Preservation: PASS
✓ 9. Counter Persistence: PASS
✓ 10. Exception Handling: PASS
✗ 11. Schema Compliance: FAIL
✓ 12. Stress Test: PASS
------------------------------------------------------------
TOTAL: 8/12 passed
